PT 50 [(3.0, 1.0), (3.25, 1.0), (3.5, 1.0), (3.75, 0.98), (4.0, 0.84), (4.25, 0.66), (4.5, 0.37), (4.75, 0.14), (5.0, 0.07), (5.25, 0.02), (5.5, 0.01)]
PT 100 [(3.0, 1.0), (3.25, 1.0), (3.5, 1.0), (3.75, 1.0), (4.0, 0.93), (4.25, 0.53), (4.5, 0.22), (4.75, 0.03), (5.0, 0.0), (5.25, 0.0), (5.5, 0.0)]
PT 150 [(3.0, 1.0), (3.25, 1.0), (3.5, 1.0), (3.75, 1.0), (4.0, 0.97), (4.25, 0.54), (4.5, 0.12), (4.75, 0.03), (5.0, 0.0), (5.25, 0.0), (5.5, 0.0)]
PT 200 [(3.0, 1.0), (3.25, 1.0), (3.5, 1.0), (3.75, 1.0), (4.0, 0.97), (4.25, 0.5), (4.5, 0.12), (4.75, 0.0), (5.0, 0.0), (5.25, 0.0), (5.5, 0.0)]
SC {'N': 50, 'median_conflicts': 49.0, 'q90': 88.5}
SC {'N': 100, 'median_conflicts': 423.5, 'q90': 750.3}
SC {'N': 150, 'median_conflicts': 3085.5, 'q90': 5785.3}
SC {'N': 200, 'median_conflicts': 19071.0, 'q90': 33362.700000000004}
SC {'N': 250, 'median_conflicts': 98406.5, 'q90': 160422.0}
SC {'N': 300, 'median_conflicts': 565240.5, 'q90': 1230833.8}
SC {'N': 50, 'median_conflicts': 45.5, 'q90': 82.1}
SC {'N': 100, 'median_conflicts': 443.0, 'q90': 795.3000000000001}
SC {'N': 150, 'median_conflicts': 2976.5, 'q90': 5951.8}
SC {'N': 200, 'median_conflicts': 18520.0, 'q90': 30616.5}
SC {'N': 250, 'median_conflicts': 98149.5, 'q90': 154817.80000000002}
SC {'N': 300, 'median_conflicts': 494091.0, 'q90': 828470.4000000003}
SC {'N': 350, 'median_conflicts': 4078921.5, 'q90': 7507338.600000001}
AN {'N': 20, 'solved_frac': 1.0, 'median_analog_time': 5.374999999999989}
AN {'N': 30, 'solved_frac': 1.0, 'median_analog_time': 10.650000000000016}
AN {'N': 40, 'solved_frac': 1.0, 'median_analog_time': 11.400000000000027}
AN {'N': 50, 'solved_frac': 1.0, 'median_analog_time': 13.925000000000063}
AN {'N': 60, 'solved_frac': 1.0, 'median_analog_time': 48.136515683400575}
AN {'N': 80, 'solved_frac': 1.0, 'median_analog_time': 76.9728301001148}
LS {'alpha_only': {'test_accuracy': 0.8088888888888889, 'test_logloss': 0.38724619150161743}, 'all_features': {'test_accuracy': 0.4955555555555556, 'test_logloss': 0.6969935297966003}, 'n_instances': 3000}
