== Physics ODE identification
/Users/yanbarros/Documents/GitHub/pinneapple-labs/PINNeAPPle-Climate/experiments/02_physics_digital_twin/src/twin_core.py:189: UserWarning: Converting a tensor with requires_grad=True to a scalar may lead to unexpected behavior.
Consider using tensor.detach() first. (Triggered internally at /Users/runner/work/pytorch/pytorch/torch/csrc/autograd/generated/python_variable_methods.cpp:823.)
  a, b0, b1, q = [float(x) for x in params()]
  ThermalParams(a=0.0010735699906945229, b0=0.31509387493133545, b1=0.017700422555208206, q=0.2849207818508148) {'C_J_m2K': 140000.0, 'alpha': 0.04174994408256478, 'k0_W_m2K': 12.253650691774157, 'k1_W_m2K_per_ms': 0.6883497660358747, 'Q_int_W_m2': 11.080252627531687}
  year 2015: ThermalParams(a=0.0018089854856953025, b0=0.3668314218521118, b1=0.03761634603142738, q=0.39164507389068604)
  year 2016: ThermalParams(a=0.001626502489671111, b0=0.3857073485851288, b1=0.03183756768703461, q=0.36560964584350586)
  year 2017: ThermalParams(a=0.0007233202923089266, b0=0.23539391160011292, b1=0.03069102019071579, q=0.3545483946800232)
  year 2018: ThermalParams(a=0.0008216170826926827, b0=0.24849514663219452, b1=0.024844583123922348, q=0.2987828850746155)
  year 2019: ThermalParams(a=0.0009746658033691347, b0=0.22793807089328766, b1=0.021374376490712166, q=0.19328157603740692)
  year 2020: ThermalParams(a=0.0010055397870019078, b0=0.26985034346580505, b1=0.020876089110970497, q=0.1791045069694519)
  year 2021: ThermalParams(a=0.001198337646201253, b0=0.2305646687746048, b1=0.025914425030350685, q=0.2200249433517456)
== EKI cross-check
  EKI: {'mean': {'a': 0.001096576027845403, 'b0': 0.24960889577369114, 'b1': 0.03073012163880256, 'q': 0.2421113696208478}, 'std': {'a': 1.9520706949211803e-05, 'b0': 0.011403582207423718, 'b1': 0.0009119466659093401, 'q': 0.007347030858114876}, 'n_windows': 400, 'ensemble': 40, 'iterations': 2}
== Baselines
  Linear (Ridge) alpha=0.1: val RMSE=0.3498
  Linear (Ridge) alpha=10.0: val RMSE=0.3489
  Linear (Ridge) alpha=1000.0: val RMSE=0.4702
  Random Forest max_depth=12,min_leaf=5: val RMSE=0.3950
  Random Forest max_depth=20,min_leaf=5: val RMSE=0.3929
  Random Forest max_depth=None,min_leaf=20: val RMSE=0.4294
  Gradient Boosting lr=0.05,leaves=31: val RMSE=0.3456
  Gradient Boosting lr=0.1,leaves=63: val RMSE=0.3523
  MLP hidden=(128, 128),alpha=0.0001: val RMSE=0.3289
  MLP hidden=(256, 256, 128),alpha=0.001: val RMSE=0.3312
== PINN lambda sweep
  PINN lam=0.0 seed=0 ep=1: train_data=3.5717 phys=0.0000 val_rmse=2.0098 params=[0.0005, 0.5, 0.05, 0.0]
  PINN lam=0.1 seed=0 ep=1: train_data=3.5704 phys=5.5327 val_rmse=2.0094 params=[0.0005, 0.49751, 0.04975, 0.00495]
  PINN lam=1.0 seed=0 ep=1: train_data=3.5773 phys=5.5152 val_rmse=2.0131 params=[0.0005, 0.4975, 0.04975, 0.00498]
  PINN lam=10.0 seed=0 ep=1: train_data=3.5982 phys=5.5097 val_rmse=2.0228 params=[0.0005, 0.4975, 0.04975, 0.00495]
  selected lambda: 0.1
  PINN lam=0.1 seed=1 ep=1: train_data=3.5435 phys=5.4561 val_rmse=1.9994 params=[0.0005, 0.4975, 0.04975, 0.00501]
  PINN lam=0.0 seed=1 ep=1: train_data=3.5428 phys=0.0000 val_rmse=1.9994 params=[0.0005, 0.5, 0.05, 0.0]
  PINN lam=0.1 seed=2 ep=1: train_data=3.5513 phys=5.5529 val_rmse=1.9977 params=[0.0005, 0.4975, 0.04975, 0.00493]
  PINN lam=0.0 seed=2 ep=1: train_data=3.5493 phys=0.0000 val_rmse=1.9970 params=[0.0005, 0.5, 0.05, 0.0]
== Test evaluation
  Persistence: 0.632 / 1.728 / 2.967  resid=0.840
  Physics ODE (identified): 0.303 / 0.545 / 0.667  resid=0.000
  Linear (Ridge): 0.221 / 0.368 / 0.454  resid=0.159
  Random Forest: 0.228 / 0.386 / 0.478  resid=0.222
  Gradient Boosting: 0.262 / 0.375 / 0.426  resid=0.221
  MLP: 0.214 / 0.333 / 0.398  resid=0.179
  NN (no physics loss): 0.634 / 1.741 / 2.991  resid=0.843
  PINN (PINNeAPPle): 0.634 / 1.740 / 2.990  resid=0.841
== Extrapolation (radiation regime)
  Linear (Ridge) alpha=0.1: val RMSE=0.3115
  Linear (Ridge) alpha=10.0: val RMSE=0.3108
  Linear (Ridge) alpha=1000.0: val RMSE=0.4444
  Random Forest max_depth=12,min_leaf=5: val RMSE=0.3773
  Random Forest max_depth=20,min_leaf=5: val RMSE=0.3785
  Random Forest max_depth=None,min_leaf=20: val RMSE=0.4155
  Gradient Boosting lr=0.05,leaves=31: val RMSE=0.3193
  Gradient Boosting lr=0.1,leaves=63: val RMSE=0.3266
  MLP hidden=(128, 128),alpha=0.0001: val RMSE=0.3132
  MLP hidden=(256, 256, 128),alpha=0.001: val RMSE=0.3091
  PINN-extrap lam=0.1 seed=0 ep=1: train_data=2.0485 phys=4.6064 val_rmse=1.4082 params=[0.0005, 0.49814, 0.04981, 0.00376]
  PINN-extrap lam=0.0 seed=0 ep=1: train_data=2.0494 phys=0.0000 val_rmse=1.4096 params=[0.0005, 0.5, 0.05, 0.0]
  Persistence: h6 RMSE=4.354
  Physics ODE (identified): h6 RMSE=1.012
  Linear (Ridge): h6 RMSE=0.905
  Random Forest: h6 RMSE=1.490
  Gradient Boosting: h6 RMSE=1.423
  MLP: h6 RMSE=0.809
  NN (no physics loss): h6 RMSE=4.748
  PINN (PINNeAPPle): h6 RMSE=4.750
== What-if
  Solar x1.4: ODE +0.615  PINN +0.029  NN +0.030  GB +0.758
  Wind x0.35 (e.g. 14->5 km/h): ODE +0.265  PINN +0.014  NN +0.017  GB -0.093
  Ambient +1 K: ODE +0.915  PINN +0.006  NN +0.006  GB +0.143
  Internal heat +50 W/m2: ODE +2.850  PINN +0.041  NN +0.041  GB +0.000
  Combined (all four): ODE +5.073  PINN +0.041  NN +0.042  GB +0.860
== Anomaly detection
[ANOMALY] T_facility/r1: obs=1.517 pred=0 diff=1.517 (score=1.22)
[ANOMALY] T_facility/r1: obs=-2.715 pred=0 diff=2.715 (score=1.78)
[ANOMALY] T_facility/r1: obs=-3.734 pred=0 diff=3.734 (score=2.45)
[ANOMALY] T_facility/r1: obs=6.342 pred=0 diff=6.342 (score=4.16)
[ANOMALY] T_facility/r6: obs=7.102 pred=0 diff=7.102 (score=1.05)
[ANOMALY] T_facility/r1: obs=-4.841 pred=0 diff=4.841 (score=3.18)
[ANOMALY] T_facility/r1: obs=3.632 pred=0 diff=3.632 (score=2.38)
[ANOMALY] T_facility/r1: obs=-3.826 pred=0 diff=3.826 (score=2.51)
[ANOMALY] T_facility/r1: obs=-1.534 pred=0 diff=1.534 (score=1.01)
[ANOMALY] T_facility/r1: obs=2.633 pred=0 diff=2.633 (score=1.73)
[ANOMALY] T_facility/r6: obs=8.52 pred=0 diff=8.52 (score=1.26)
[ANOMALY] T_facility/r1: obs=1.36 pred=0 diff=1.36 (score=1.10)
[ANOMALY] T_facility/r6: obs=6.476 pred=0 diff=6.476 (score=1.01)
[ANOMALY] T_facility/r1: obs=-3.142 pred=0 diff=3.142 (score=2.06)
[ANOMALY] T_facility/r1: obs=1.494 pred=0 diff=1.494 (score=1.21)
[ANOMALY] T_facility/r1: obs=1.841 pred=0 diff=1.841 (score=1.21)
[ANOMALY] T_facility/r1: obs=6.765 pred=0 diff=6.765 (score=4.44)
[ANOMALY] T_facility/r6: obs=11.33 pred=0 diff=11.33 (score=1.67)
[ANOMALY] T_facility/r1: obs=1.699 pred=0 diff=1.699 (score=1.11)
[ANOMALY] T_facility/r1: obs=-1.748 pred=0 diff=1.748 (score=1.15)
[ANOMALY] T_facility/r1: obs=1.278 pred=0 diff=1.278 (score=1.03)
[ANOMALY] T_facility/r1: obs=-5.674 pred=0 diff=5.674 (score=3.72)
[ANOMALY] T_facility/r6: obs=-6.921 pred=0 diff=6.921 (score=1.02)
[ANOMALY] T_facility/r1: obs=4.92 pred=0 diff=4.92 (score=3.23)
[ANOMALY] T_facility/r6: obs=7.56 pred=0 diff=7.56 (score=1.12)
[ANOMALY] T_facility/r6: obs=7.092 pred=0 diff=7.092 (score=1.05)
[ANOMALY] T_facility/r1: obs=-1.36 pred=0 diff=1.36 (score=1.10)
[ANOMALY] T_facility/r1: obs=1.32 pred=0 diff=1.32 (score=1.07)
[ANOMALY] T_facility/r1: obs=-4.708 pred=0 diff=4.708 (score=3.09)
[ANOMALY] T_facility/r1: obs=-3.66 pred=0 diff=3.66 (score=2.40)
[ANOMALY] T_facility/r6: obs=-6.926 pred=0 diff=6.926 (score=1.02)
[ANOMALY] T_facility/r1: obs=3.552 pred=0 diff=3.552 (score=2.33)
[ANOMALY] T_facility/r1: obs=-4.801 pred=0 diff=4.801 (score=3.15)
[ANOMALY] T_facility/r1: obs=1.828 pred=0 diff=1.828 (score=1.20)
[ANOMALY] T_facility/r6: obs=6.986 pred=0 diff=6.986 (score=1.03)
[ANOMALY] T_facility/r1: obs=-4.288 pred=0 diff=4.288 (score=2.81)
[ANOMALY] T_facility/r1: obs=-3.491 pred=0 diff=3.491 (score=2.29)
[ANOMALY] T_facility/r1: obs=-3.318 pred=0 diff=3.318 (score=2.18)
[ANOMALY] T_facility/r1: obs=1.301 pred=0 diff=1.301 (score=1.05)
[ANOMALY] T_facility/r1: obs=2.344 pred=0 diff=2.344 (score=1.54)
[ANOMALY] T_facility/r1: obs=3.131 pred=0 diff=3.131 (score=2.05)
[ANOMALY] T_facility/r1: obs=4.483 pred=0 diff=4.483 (score=2.94)
[ANOMALY] T_facility/r1: obs=-3.321 pred=0 diff=3.321 (score=2.18)
[ANOMALY] T_facility/r1: obs=-6.003 pred=0 diff=6.003 (score=3.94)
[ANOMALY] T_facility/r6: obs=-7.053 pred=0 diff=7.053 (score=1.04)
[ANOMALY] T_facility/r1: obs=2.821 pred=0 diff=2.821 (score=1.85)
[ANOMALY] T_facility/r1: obs=-1.693 pred=0 diff=1.693 (score=1.11)
[ANOMALY] T_facility/r1: obs=-5.994 pred=0 diff=5.994 (score=3.93)
[ANOMALY] T_facility/r6: obs=-6.781 pred=0 diff=6.781 (score=1.00)
[ANOMALY] T_facility/r1: obs=3.63 pred=0 diff=3.63 (score=2.38)
[ANOMALY] T_facility/r1: obs=4.664 pred=0 diff=4.664 (score=3.06)
[ANOMALY] T_facility/r1: obs=-4.824 pred=0 diff=4.824 (score=3.17)
[ANOMALY] T_facility/r1: obs=4.639 pred=0 diff=4.639 (score=3.04)
[ANOMALY] T_facility/r1: obs=3.485 pred=0 diff=3.485 (score=2.29)
[ANOMALY] T_facility/r1: obs=4.344 pred=0 diff=4.344 (score=2.85)
[ANOMALY] T_facility/r1: obs=3.823 pred=0 diff=3.823 (score=2.51)
[ANOMALY] T_facility/r1: obs=3.599 pred=0 diff=3.599 (score=2.36)
[ANOMALY] T_facility/r6: obs=7.05 pred=0 diff=7.05 (score=1.04)
[ANOMALY] T_facility/r1: obs=4.542 pred=0 diff=4.542 (score=2.98)
[ANOMALY] T_facility/r1: obs=2.346 pred=0 diff=2.346 (score=1.54)
[ANOMALY] T_facility/r1: obs=3.834 pred=0 diff=3.834 (score=2.52)
[ANOMALY] T_facility/r1: obs=2.246 pred=0 diff=2.246 (score=1.47)
[ANOMALY] T_facility/r1: obs=4.349 pred=0 diff=4.349 (score=2.85)
[ANOMALY] T_facility/r1: obs=-4.016 pred=0 diff=4.016 (score=2.64)
[ANOMALY] T_facility/r1: obs=6.783 pred=0 diff=6.783 (score=4.45)
[ANOMALY] T_facility/r6: obs=7.1 pred=0 diff=7.1 (score=1.05)
[ANOMALY] T_facility/r1: obs=-6.181 pred=0 diff=6.181 (score=4.06)
[ANOMALY] T_facility/r6: obs=-6.808 pred=0 diff=6.808 (score=1.01)
[ANOMALY] T_facility/r1: obs=-3.04 pred=0 diff=3.04 (score=1.99)
[ANOMALY] T_facility/r1: obs=-6.146 pred=0 diff=6.146 (score=4.03)
[ANOMALY] T_facility/r6: obs=-7.153 pred=0 diff=7.153 (score=1.06)
[ANOMALY] T_facility/r1: obs=5.146 pred=0 diff=5.146 (score=3.38)
[ANOMALY] T_facility/r1: obs=1.746 pred=0 diff=1.746 (score=1.15)
[ANOMALY] T_facility/r1: obs=-5.85 pred=0 diff=5.85 (score=3.84)
[ANOMALY] T_facility/r6: obs=-7.862 pred=0 diff=7.862 (score=1.16)
[ANOMALY] T_facility/r1: obs=1.697 pred=0 diff=1.697 (score=1.11)
[ANOMALY] T_facility/r1: obs=3.67 pred=0 diff=3.67 (score=2.41)
[ANOMALY] T_facility/r1: obs=4.509 pred=0 diff=4.509 (score=2.96)
[ANOMALY] T_facility/r1: obs=6.017 pred=0 diff=6.017 (score=3.95)
[ANOMALY] T_facility/r1: obs=4.564 pred=0 diff=4.564 (score=2.99)
[ANOMALY] T_facility/r1: obs=1.385 pred=0 diff=1.385 (score=1.12)
[ANOMALY] T_facility/r6: obs=6.696 pred=0 diff=6.696 (score=1.05)
[ANOMALY] T_facility/r1: obs=4.124 pred=0 diff=4.124 (score=2.71)
[ANOMALY] T_facility/r1: obs=1.281 pred=0 diff=1.281 (score=1.03)
[ANOMALY] T_facility/r1: obs=4.393 pred=0 diff=4.393 (score=2.88)
[ANOMALY] T_facility/r1: obs=1.24 pred=0 diff=1.24 (score=1.00)
[ANOMALY] T_facility/r1: obs=1.557 pred=0 diff=1.557 (score=1.02)
[ANOMALY] T_facility/r6: obs=6.507 pred=0 diff=6.507 (score=1.02)
[ANOMALY] T_facility/r6: obs=6.644 pred=0 diff=6.644 (score=1.04)
[ANOMALY] T_facility/r1: obs=6.46 pred=0 diff=6.46 (score=4.24)
[ANOMALY] T_facility/r6: obs=10.19 pred=0 diff=10.19 (score=1.51)
[ANOMALY] T_facility/r1: obs=4.027 pred=0 diff=4.027 (score=2.64)
[ANOMALY] T_facility/r6: obs=6.527 pred=0 diff=6.527 (score=1.02)
[ANOMALY] T_facility/r1: obs=4.158 pred=0 diff=4.158 (score=2.73)
[ANOMALY] T_facility/r6: obs=7.131 pred=0 diff=7.131 (score=1.05)
[ANOMALY] T_facility/r6: obs=6.897 pred=0 diff=6.897 (score=1.02)
[ANOMALY] T_facility/r1: obs=1.264 pred=0 diff=1.264 (score=1.02)
[ANOMALY] T_facility/r1: obs=-5.798 pred=0 diff=5.798 (score=3.80)
[ANOMALY] T_facility/r6: obs=-7.06 pred=0 diff=7.06 (score=1.04)
[ANOMALY] T_facility/r1: obs=2.126 pred=0 diff=2.126 (score=1.40)
[ANOMALY] T_facility/r1: obs=1.412 pred=0 diff=1.412 (score=1.14)
[ANOMALY] T_facility/r6: obs=6.566 pred=0 diff=6.566 (score=1.03)
[ANOMALY] T_facility/r1: obs=1.44 pred=0 diff=1.44 (score=1.16)
[ANOMALY] T_facility/r1: obs=-5.217 pred=0 diff=5.217 (score=3.42)
[ANOMALY] T_facility/r6: obs=6.47 pred=0 diff=6.47 (score=1.01)
[ANOMALY] T_facility/r1: obs=2.847 pred=0 diff=2.847 (score=1.87)
[ANOMALY] T_facility/r6: obs=7.187 pred=0 diff=7.187 (score=1.06)
[ANOMALY] T_facility/r6: obs=6.77 pred=0 diff=6.77 (score=1.06)
[ANOMALY] T_facility/r1: obs=1.544 pred=0 diff=1.544 (score=1.01)
[ANOMALY] T_facility/r1: obs=-4.588 pred=0 diff=4.588 (score=3.01)
[ANOMALY] T_facility/r6: obs=-8.46 pred=0 diff=8.46 (score=1.25)
[ANOMALY] T_facility/r1: obs=2.838 pred=0 diff=2.838 (score=1.86)
[ANOMALY] T_facility/r1: obs=2.025 pred=0 diff=2.025 (score=1.33)
[ANOMALY] T_facility/r6: obs=6.657 pred=0 diff=6.657 (score=1.04)
[ANOMALY] T_facility/r1: obs=3.711 pred=0 diff=3.711 (score=2.43)
[ANOMALY] T_facility/r1: obs=4.436 pred=0 diff=4.436 (score=2.91)
[ANOMALY] T_facility/r1: obs=1.597 pred=0 diff=1.597 (score=1.05)
[ANOMALY] T_facility/r1: obs=1.592 pred=0 diff=1.592 (score=1.04)
[ANOMALY] T_facility/r1: obs=1.484 pred=0 diff=1.484 (score=1.20)
[ANOMALY] T_facility/r1: obs=-6.16 pred=0 diff=6.16 (score=4.04)
[ANOMALY] T_facility/r1: obs=-6.01 pred=0 diff=6.01 (score=3.94)
[ANOMALY] T_facility/r6: obs=-9.876 pred=0 diff=9.876 (score=1.46)
[ANOMALY] T_facility/r1: obs=4.136 pred=0 diff=4.136 (score=2.71)
[ANOMALY] T_facility/r1: obs=1.426 pred=0 diff=1.426 (score=1.15)
[ANOMALY] T_facility/r1: obs=3.786 pred=0 diff=3.786 (score=2.48)
[ANOMALY] T_facility/r6: obs=8.176 pred=0 diff=8.176 (score=1.21)
[ANOMALY] T_facility/r1: obs=1.49 pred=0 diff=1.49 (score=1.20)
[ANOMALY] T_facility/r1: obs=1.837 pred=0 diff=1.837 (score=1.21)
[ANOMALY] T_facility/r1: obs=3.169 pred=0 diff=3.169 (score=2.08)
[ANOMALY] T_facility/r6: obs=6.678 pred=0 diff=6.678 (score=1.04)
[ANOMALY] T_facility/r1: obs=-2.511 pred=0 diff=2.511 (score=1.65)
[ANOMALY] T_facility/r6: obs=6.507 pred=0 diff=6.507 (score=1.02)
[ANOMALY] T_facility/r1: obs=1.366 pred=0 diff=1.366 (score=1.10)
[ANOMALY] T_facility/r1: obs=-5.628 pred=0 diff=5.628 (score=3.69)
[ANOMALY] T_facility/r1: obs=1.592 pred=0 diff=1.592 (score=1.04)
[ANOMALY] T_facility/r1: obs=-3.631 pred=0 diff=3.631 (score=2.38)
[ANOMALY] T_facility/r6: obs=6.779 pred=0 diff=6.779 (score=1.00)
[ANOMALY] T_facility/r1: obs=5.702 pred=0 diff=5.702 (score=3.74)
[ANOMALY] T_facility/r6: obs=6.465 pred=0 diff=6.465 (score=1.01)
[ANOMALY] T_facility/r1: obs=-3.836 pred=0 diff=3.836 (score=2.52)
[ANOMALY] T_facility/r6: obs=6.468 pred=0 diff=6.468 (score=1.01)
[ANOMALY] T_facility/r1: obs=-1.487 pred=0 diff=1.487 (score=1.20)
[ANOMALY] T_facility/r1: obs=-1.538 pred=0 diff=1.538 (score=1.01)
[ANOMALY] T_facility/r1: obs=3.025 pred=0 diff=3.025 (score=1.98)
[ANOMALY] T_facility/r6: obs=6.921 pred=0 diff=6.921 (score=1.02)
[ANOMALY] T_facility/r1: obs=2.586 pred=0 diff=2.586 (score=1.70)
[ANOMALY] T_facility/r1: obs=-2.305 pred=0 diff=2.305 (score=1.51)
[ANOMALY] T_facility/r6: obs=6.819 pred=0 diff=6.819 (score=1.01)
[ANOMALY] T_facility/r1: obs=1.676 pred=0 diff=1.676 (score=1.10)
[ANOMALY] T_facility/r1: obs=2.444 pred=0 diff=2.444 (score=1.60)
[ANOMALY] T_facility/r1: obs=2.132 pred=0 diff=2.132 (score=1.40)
[ANOMALY] T_facility/r6: obs=6.904 pred=0 diff=6.904 (score=1.02)
[ANOMALY] T_facility/r1: obs=-2.894 pred=0 diff=2.894 (score=1.90)
[ANOMALY] T_facility/r6: obs=-7.075 pred=0 diff=7.075 (score=1.04)
[ANOMALY] T_facility/r1: obs=1.917 pred=0 diff=1.917 (score=1.26)
[ANOMALY] T_facility/r1: obs=4.946 pred=0 diff=4.946 (score=3.25)
[ANOMALY] T_facility/r1: obs=1.381 pred=0 diff=1.381 (score=1.12)
[ANOMALY] T_facility/r1: obs=2.795 pred=0 diff=2.795 (score=1.83)
[ANOMALY] T_facility/r1: obs=3.33 pred=0 diff=3.33 (score=2.19)
[ANOMALY] T_facility/r1: obs=-5.408 pred=0 diff=5.408 (score=3.55)
[ANOMALY] T_facility/r1: obs=1.993 pred=0 diff=1.993 (score=1.31)
[ANOMALY] T_facility/r1: obs=2.209 pred=0 diff=2.209 (score=1.45)
[ANOMALY] T_facility/r1: obs=3.043 pred=0 diff=3.043 (score=2.00)
[ANOMALY] T_facility/r1: obs=4.107 pred=0 diff=4.107 (score=2.69)
[ANOMALY] T_facility/r1: obs=1.697 pred=0 diff=1.697 (score=1.11)
[ANOMALY] T_facility/r1: obs=3.445 pred=0 diff=3.445 (score=2.26)
[ANOMALY] T_facility/r1: obs=-2.59 pred=0 diff=2.59 (score=1.70)
[ANOMALY] T_facility/r1: obs=-4.631 pred=0 diff=4.631 (score=3.04)
[ANOMALY] T_facility/r1: obs=2.412 pred=0 diff=2.412 (score=1.58)
[ANOMALY] T_facility/r1: obs=2.628 pred=0 diff=2.628 (score=1.72)
[ANOMALY] T_facility/r1: obs=-4.618 pred=0 diff=4.618 (score=3.03)
[ANOMALY] T_facility/r6: obs=-7.615 pred=0 diff=7.615 (score=1.12)
[ANOMALY] T_facility/r1: obs=3.207 pred=0 diff=3.207 (score=2.10)
[ANOMALY] T_facility/r1: obs=2.057 pred=0 diff=2.057 (score=1.35)
[ANOMALY] T_facility/r1: obs=-5.45 pred=0 diff=5.45 (score=3.58)
[ANOMALY] T_facility/r1: obs=1.357 pred=0 diff=1.357 (score=1.10)
[ANOMALY] T_facility/r1: obs=-4.781 pred=0 diff=4.781 (score=3.14)
[ANOMALY] T_facility/r1: obs=1.357 pred=0 diff=1.357 (score=1.10)
[ANOMALY] T_facility/r1: obs=2.281 pred=0 diff=2.281 (score=1.50)
[ANOMALY] T_facility/r1: obs=1.251 pred=0 diff=1.251 (score=1.01)
[ANOMALY] T_facility/r1: obs=3.784 pred=0 diff=3.784 (score=2.48)
[ANOMALY] T_facility/r1: obs=-5.456 pred=0 diff=5.456 (score=3.58)
[ANOMALY] T_facility/r6: obs=-6.952 pred=0 diff=6.952 (score=1.03)
[ANOMALY] T_facility/r1: obs=1.465 pred=0 diff=1.465 (score=1.18)
[ANOMALY] T_facility/r1: obs=1.495 pred=0 diff=1.495 (score=1.21)
[ANOMALY] T_facility/r1: obs=4.482 pred=0 diff=4.482 (score=2.94)
[ANOMALY] T_facility/r1: obs=4.287 pred=0 diff=4.287 (score=2.81)
[ANOMALY] T_facility/r1: obs=4.111 pred=0 diff=4.111 (score=2.70)
[ANOMALY] T_facility/r1: obs=1.443 pred=0 diff=1.443 (score=1.17)
[ANOMALY] T_facility/r1: obs=4.986 pred=0 diff=4.986 (score=3.27)
[ANOMALY] T_facility/r1: obs=1.572 pred=0 diff=1.572 (score=1.03)
[ANOMALY] T_facility/r1: obs=-5.485 pred=0 diff=5.485 (score=3.60)
[ANOMALY] T_facility/r6: obs=-8.074 pred=0 diff=8.074 (score=1.19)
[ANOMALY] T_facility/r1: obs=-1.947 pred=0 diff=1.947 (score=1.28)
[ANOMALY] T_facility/r1: obs=-3.89 pred=0 diff=3.89 (score=2.55)
[ANOMALY] T_facility/r1: obs=-2.394 pred=0 diff=2.394 (score=1.57)
[ANOMALY] T_facility/r1: obs=-2.725 pred=0 diff=2.725 (score=1.79)
[ANOMALY] T_facility/r1: obs=4.262 pred=0 diff=4.262 (score=2.80)
[ANOMALY] T_facility/r1: obs=-3.2 pred=0 diff=3.2 (score=2.10)
[ANOMALY] T_facility/r1: obs=3.575 pred=0 diff=3.575 (score=2.35)
[ANOMALY] T_facility/r1: obs=-1.786 pred=0 diff=1.786 (score=1.17)
[ANOMALY] T_facility/r1: obs=1.823 pred=0 diff=1.823 (score=1.20)
[ANOMALY] T_facility/r1: obs=-3.285 pred=0 diff=3.285 (score=2.16)
[ANOMALY] T_facility/r1: obs=-3.915 pred=0 diff=3.915 (score=2.57)
[ANOMALY] T_facility/r1: obs=4.364 pred=0 diff=4.364 (score=2.86)
[ANOMALY] T_facility/r6: obs=7.176 pred=0 diff=7.176 (score=1.06)
[ANOMALY] T_facility/r1: obs=2.534 pred=0 diff=2.534 (score=1.66)
[ANOMALY] T_facility/r1: obs=-6.13 pred=0 diff=6.13 (score=4.02)
[ANOMALY] T_facility/r6: obs=-7.12 pred=0 diff=7.12 (score=1.05)
[ANOMALY] T_facility/r1: obs=2.209 pred=0 diff=2.209 (score=1.45)
[ANOMALY] T_facility/r1: obs=1.24 pred=0 diff=1.24 (score=1.00)
[ANOMALY] T_facility/r1: obs=1.445 pred=0 diff=1.445 (score=1.17)
[ANOMALY] T_facility/r1: obs=-5.88 pred=0 diff=5.88 (score=3.86)
[ANOMALY] T_facility/r1: obs=-3.396 pred=0 diff=3.396 (score=2.23)
[ANOMALY] T_facility/r6: obs=7.354 pred=0 diff=7.354 (score=1.09)
[ANOMALY] T_facility/r1: obs=1.269 pred=0 diff=1.269 (score=1.02)
[ANOMALY] T_facility/r1: obs=-3.536 pred=0 diff=3.536 (score=2.32)
[ANOMALY] T_facility/r1: obs=-1.694 pred=0 diff=1.694 (score=1.11)
[ANOMALY] T_facility/r1: obs=-5.464 pred=0 diff=5.464 (score=3.58)
[ANOMALY] T_facility/r6: obs=-7.394 pred=0 diff=7.394 (score=1.09)
[ANOMALY] T_facility/r1: obs=3.614 pred=0 diff=3.614 (score=2.37)
[ANOMALY] T_facility/r1: obs=1.734 pred=0 diff=1.734 (score=1.14)
[ANOMALY] T_facility/r1: obs=-3.948 pred=0 diff=3.948 (score=2.59)
[ANOMALY] T_facility/r1: obs=-3.89 pred=0 diff=3.89 (score=2.55)
[ANOMALY] T_facility/r1: obs=-2.837 pred=0 diff=2.837 (score=1.86)
[ANOMALY] T_facility/r1: obs=-1.935 pred=0 diff=1.935 (score=1.27)
[ANOMALY] T_facility/r1: obs=-3.364 pred=0 diff=3.364 (score=2.21)
[ANOMALY] T_facility/r1: obs=2.4 pred=0 diff=2.4 (score=1.57)
[ANOMALY] T_facility/r1: obs=-3.358 pred=0 diff=3.358 (score=2.20)
[ANOMALY] T_facility/r1: obs=-4.979 pred=0 diff=4.979 (score=3.27)
[ANOMALY] T_facility/r1: obs=-4.075 pred=0 diff=4.075 (score=2.67)
[ANOMALY] T_facility/r1: obs=1.429 pred=0 diff=1.429 (score=1.15)
[ANOMALY] T_facility/r1: obs=-5.64 pred=0 diff=5.64 (score=3.70)
[ANOMALY] T_facility/r1: obs=1.6 pred=0 diff=1.6 (score=1.05)
[ANOMALY] T_facility/r1: obs=5.057 pred=0 diff=5.057 (score=3.32)
[ANOMALY] T_facility/r1: obs=4.839 pred=0 diff=4.839 (score=3.18)
[ANOMALY] T_facility/r6: obs=6.514 pred=0 diff=6.514 (score=1.02)
[ANOMALY] T_facility/r1: obs=-4.75 pred=0 diff=4.75 (score=3.12)
[ANOMALY] T_facility/r1: obs=1.427 pred=0 diff=1.427 (score=1.15)
[ANOMALY] T_facility/r6: obs=7.702 pred=0 diff=7.702 (score=1.14)
[ANOMALY] T_facility/r1: obs=4.112 pred=0 diff=4.112 (score=2.70)
[ANOMALY] T_facility/r6: obs=8.501 pred=0 diff=8.501 (score=1.26)
[ANOMALY] T_facility/r1: obs=3.764 pred=0 diff=3.764 (score=2.47)
[ANOMALY] T_facility/r1: obs=5.494 pred=0 diff=5.494 (score=3.60)
[ANOMALY] T_facility/r1: obs=1.765 pred=0 diff=1.765 (score=1.16)
[ANOMALY] T_facility/r6: obs=8.351 pred=0 diff=8.351 (score=1.23)
[ANOMALY] T_facility/r1: obs=1.381 pred=0 diff=1.381 (score=1.12)
[ANOMALY] T_facility/r1: obs=-1.266 pred=0 diff=1.266 (score=1.02)
[ANOMALY] T_facility/r1: obs=1.63 pred=0 diff=1.63 (score=1.07)
[ANOMALY] T_facility/r6: obs=6.893 pred=0 diff=6.893 (score=1.02)
[ANOMALY] T_facility/r6: obs=7.589 pred=0 diff=7.589 (score=1.12)
[ANOMALY] T_facility/r1: obs=1.325 pred=0 diff=1.325 (score=1.07)
[ANOMALY] T_facility/r6: obs=7.375 pred=0 diff=7.375 (score=1.09)
[ANOMALY] T_facility/r1: obs=2.986 pred=0 diff=2.986 (score=1.96)
[ANOMALY] T_facility/r1: obs=1.596 pred=0 diff=1.596 (score=1.05)
[ANOMALY] T_facility/r1: obs=-1.625 pred=0 diff=1.625 (score=1.07)
[ANOMALY] T_facility/r6: obs=7.002 pred=0 diff=7.002 (score=1.03)
[ANOMALY] T_facility/r1: obs=1.489 pred=0 diff=1.489 (score=1.20)
[ANOMALY] T_facility/r6: obs=8.977 pred=0 diff=8.977 (score=1.33)
[ANOMALY] T_facility/r1: obs=-1.482 pred=0 diff=1.482 (score=1.20)
[ANOMALY] T_facility/r1: obs=4.096 pred=0 diff=4.096 (score=2.69)
[ANOMALY] T_facility/r6: obs=10.72 pred=0 diff=10.72 (score=1.58)
[ANOMALY] T_facility/r1: obs=3.741 pred=0 diff=3.741 (score=2.45)
[ANOMALY] T_facility/r6: obs=8.766 pred=0 diff=8.766 (score=1.29)
[ANOMALY] T_facility/r1: obs=1.913 pred=0 diff=1.913 (score=1.26)
[ANOMALY] T_facility/r1: obs=1.347 pred=0 diff=1.347 (score=1.09)
[ANOMALY] T_facility/r1: obs=-5.593 pred=0 diff=5.593 (score=3.67)
[ANOMALY] T_facility/r6: obs=-7.413 pred=0 diff=7.413 (score=1.09)
[ANOMALY] T_facility/r1: obs=2.696 pred=0 diff=2.696 (score=1.77)
[ANOMALY] T_facility/r1: obs=1.348 pred=0 diff=1.348 (score=1.09)
[ANOMALY] T_facility/r1: obs=2.501 pred=0 diff=2.501 (score=1.64)
[ANOMALY] T_facility/r6: obs=8.234 pred=0 diff=8.234 (score=1.22)
[ANOMALY] T_facility/r1: obs=1.357 pred=0 diff=1.357 (score=1.10)
[ANOMALY] T_facility/r6: obs=7.439 pred=0 diff=7.439 (score=1.10)
[ANOMALY] T_facility/r1: obs=-1.432 pred=0 diff=1.432 (score=1.16)
[ANOMALY] T_facility/r1: obs=1.333 pred=0 diff=1.333 (score=1.08)
[ANOMALY] T_facility/r6: obs=6.999 pred=0 diff=6.999 (score=1.03)
[ANOMALY] T_facility/r6: obs=6.678 pred=0 diff=6.678 (score=1.04)
[ANOMALY] T_facility/r1: obs=1.838 pred=0 diff=1.838 (score=1.21)
[ANOMALY] T_facility/r1: obs=1.97 pred=0 diff=1.97 (score=1.29)
  anomaly: {"spike": {"n": 150, "recall_twin_warn_or_anom": 0.9866666666666667, "recall_twin_anomaly": 0.9866666666666667, "recall_naive": 0.29333333333333333, "median_delay_h": 0.0}, "drift": {"n": 30, "recall_twin_warn_or_anom": 0.23333333333333334, "recall_twin_anomaly": 0.13333333333333333, "recall_naive": 0.06666666666666667, "median_delay_h": 10.0}, "stuck": {"n": 30, "recall_twin_warn_or_anom": 0.0, "recall_twin_anomaly": 0.0, "recall_naive": 0.0, "median_delay_h": null}} {'twin_WARNING_or_ANOMALY': 0.06582768635043562, 'twin_ANOMALY': 0.030009680542110357, 'naive_band': 0.021297192642787996}
== VeriPhysics
PhysicsConfidenceScore report:
  overall_score: 0.6473  (coverage=0.60, i.e. 3/5 possible checks)
  [numerical_convergence] score=1 -- observed_order=1.01, GCI_fine=0.0002906, GCI_coarse=0.0005855, asymptotic_ratio=1, asymptotic_tolerance=0.1, is_asymptotic=True
  [uq_calibration] score=0.9419 -- ECE=0.05811, coverage=0.8797 (target=0.9), sharpness=2.881
  [benchmark_agreement] score=0 -- benchmark=natal_thermal_mass_dT6h_2023_2024, relative_l2_error=1.008, rmse=2.99, n_compared_points=1754
PhysicsConfidenceScore report:
  overall_score: 0.9002  (coverage=0.60, i.e. 3/5 possible checks)
  [numerical_convergence] score=1 -- observed_order=1.01, GCI_fine=0.0002906, GCI_coarse=0.0005855, asymptotic_ratio=1, asymptotic_tolerance=0.1, is_asymptotic=True
  [uq_calibration] score=0.9255 -- ECE=0.07446, coverage=0.8301 (target=0.9), sharpness=0.5449
  [benchmark_agreement] score=0.7752 -- benchmark=natal_thermal_mass_dT6h_2023_2024, relative_l2_error=0.2248, rmse=0.667, n_compared_points=1754
PhysicsConfidenceScore report:
  overall_score: 0.9097  (coverage=0.40, i.e. 2/5 possible checks)
  [uq_calibration] score=0.9631 -- ECE=0.03691, coverage=0.894 (target=0.9), sharpness=0.3913
  [benchmark_agreement] score=0.8564 -- benchmark=natal_thermal_mass_dT6h_2023_2024, relative_l2_error=0.1436, rmse=0.426, n_compared_points=1754
PhysicsConfidenceScore report:
  overall_score: 0.4707  (coverage=0.40, i.e. 2/5 possible checks)
  [uq_calibration] score=0.9414 -- ECE=0.05861, coverage=0.8808 (target=0.9), sharpness=2.883
  [benchmark_agreement] score=0 -- benchmark=natal_thermal_mass_dT6h_2023_2024, relative_l2_error=1.008, rmse=2.991, n_compared_points=1754
done in 2055.871654987335
