  param-Data-only  seed0 ep24: val rel-MSE 1.034e-02 (91s)
  param-Data-only  seed0 ep48: val rel-MSE 1.855e-03 (227s)
  param-Data-only  seed0 ep72: val rel-MSE 3.074e-04 (305s)
  param-Data-only  seed0 ep96: val rel-MSE 1.267e-04 (386s)
  param-Data-only  seed0 ep120: val rel-MSE 1.082e-04 (510s)
  param-Data-only  seed1 ep24: val rel-MSE 1.858e-02 (105s)
  param-Data-only  seed1 ep48: val rel-MSE 3.364e-03 (192s)
  param-Data-only  seed1 ep72: val rel-MSE 6.844e-04 (305s)
  param-Data-only  seed1 ep96: val rel-MSE 3.406e-04 (435s)
  param-Data-only  seed1 ep120: val rel-MSE 2.935e-04 (613s)
  param-Data-only  seed2 ep24: val rel-MSE 6.831e-03 (183s)
  param-Data-only  seed2 ep48: val rel-MSE 1.681e-03 (346s)
  param-Data-only  seed2 ep72: val rel-MSE 5.923e-04 (489s)
  param-Data-only  seed2 ep96: val rel-MSE 2.418e-04 (650s)
  param-Data-only  seed2 ep120: val rel-MSE 2.093e-04 (819s)
  param-Data-only  seed3 ep24: val rel-MSE 1.028e-02 (143s)
  param-Data-only  seed3 ep48: val rel-MSE 2.587e-03 (321s)
  param-Data-only  seed3 ep72: val rel-MSE 7.174e-04 (455s)
  param-Data-only  seed3 ep96: val rel-MSE 2.583e-04 (581s)
  param-Data-only  seed3 ep120: val rel-MSE 1.929e-04 (700s)
  param-Data-only  seed4 ep24: val rel-MSE 1.842e-02 (118s)
  param-Data-only  seed4 ep48: val rel-MSE 2.133e-03 (234s)
  param-Data-only  seed4 ep72: val rel-MSE 9.717e-04 (384s)
  param-Data-only  seed4 ep96: val rel-MSE 3.408e-04 (527s)
  param-Data-only  seed4 ep120: val rel-MSE 2.952e-04 (713s)
parametric Data-only MLP (linear outputs) {"in_distribution": {"Fx": {"RMSE": 1.5130770206451416, "MAE": 0.3324759304523468, "rel_L2": 0.04641934856772423, "max_abs": 52.55519104003906}, "Fz": {"RMSE": 2.2857117652893066, "MAE": 0.40684619545936584, "rel_L2": 0.016253704205155373, "max_abs": 98.10748291015625}, "My": {"RMSE": 0.21443836390972137, "MAE": 0.040902379900217056, "rel_L2": 0.023746615275740623, "max_abs": 10.461174011230469}}, "out_of_distribution": {"Fx": {"RMSE": 21.681053161621094, "MAE": 17.1583194732666, "rel_L2": 0.8270183205604553, "max_abs": 83.46222686767578}, "Fz": {"RMSE": 61.01587677001953, "MAE": 44.619895935058594, "rel_L2": 0.7577636241912842, "max_abs": 221.84344482421875}, "My": {"RMSE": 4.957730293273926, "MAE": 3.825458526611328, "rel_L2": 0.7943335771560669, "max_abs": 18.5361385345459}}}
  param-Data-only  seed0 ep24: val rel-MSE 3.803e-04 (204s)
  param-Data-only  seed0 ep48: val rel-MSE 2.744e-04 (446s)
  param-Data-only  seed0 ep72: val rel-MSE 1.064e-04 (734s)
  param-Data-only  seed0 ep96: val rel-MSE 5.839e-05 (950s)
  param-Data-only  seed0 ep120: val rel-MSE 5.143e-05 (1107s)
  param-Data-only  seed1 ep24: val rel-MSE 8.728e-04 (164s)
  param-Data-only  seed1 ep48: val rel-MSE 3.158e-04 (333s)
  param-Data-only  seed1 ep72: val rel-MSE 2.060e-04 (481s)
  param-Data-only  seed1 ep96: val rel-MSE 1.639e-04 (628s)
  param-Data-only  seed1 ep120: val rel-MSE 1.528e-04 (796s)
  param-Data-only  seed2 ep24: val rel-MSE 1.786e-03 (196s)
  param-Data-only  seed2 ep48: val rel-MSE 2.679e-04 (391s)
  param-Data-only  seed2 ep72: val rel-MSE 1.463e-04 (580s)
  param-Data-only  seed2 ep96: val rel-MSE 1.028e-04 (746s)
  param-Data-only  seed2 ep120: val rel-MSE 8.881e-05 (913s)
  param-Data-only  seed3 ep24: val rel-MSE 7.440e-04 (148s)
  param-Data-only  seed3 ep48: val rel-MSE 4.157e-04 (244s)
  param-Data-only  seed3 ep72: val rel-MSE 1.510e-04 (321s)
  param-Data-only  seed3 ep96: val rel-MSE 9.595e-05 (342s)
  param-Data-only  seed3 ep120: val rel-MSE 8.773e-05 (356s)
  param-Data-only  seed4 ep24: val rel-MSE 7.330e-04 (39s)
  param-Data-only  seed4 ep48: val rel-MSE 4.931e-04 (70s)
  param-Data-only  seed4 ep72: val rel-MSE 2.303e-04 (93s)
  param-Data-only  seed4 ep96: val rel-MSE 1.415e-04 (115s)
  param-Data-only  seed4 ep120: val rel-MSE 1.292e-04 (137s)
parametric Data-only MLP (physically scaled outputs) {"in_distribution": {"Fx": {"RMSE": 0.3042399287223816, "MAE": 0.14533782005310059, "rel_L2": 0.009333709254860878, "max_abs": 6.171417236328125}, "Fz": {"RMSE": 0.6244631409645081, "MAE": 0.22616128623485565, "rel_L2": 0.004440560005605221, "max_abs": 26.405029296875}, "My": {"RMSE": 0.05343985557556152, "MAE": 0.021515222266316414, "rel_L2": 0.005917857401072979, "max_abs": 2.1428146362304688}}, "out_of_distribution": {"Fx": {"RMSE": 17.607248306274414, "MAE": 12.288079261779785, "rel_L2": 0.6716241240501404, "max_abs": 80.6456298828125}, "Fz": {"RMSE": 58.763614654541016, "MAE": 41.166141510009766, "rel_L2": 0.7297925353050232, "max_abs": 213.84239196777344}, "My": {"RMSE": 4.818360328674316, "MAE": 3.385313034057617, "rel_L2": 0.7720035910606384, "max_abs": 18.81229591369629}}}
  param-Robust PIN seed0 ep24: val rel-MSE 7.464e-04 (81s)
  param-Robust PIN seed0 ep48: val rel-MSE 1.444e-04 (152s)
  param-Robust PIN seed0 ep72: val rel-MSE 1.106e-04 (223s)
  param-Robust PIN seed0 ep96: val rel-MSE 7.009e-05 (251s)
  param-Robust PIN seed0 ep120: val rel-MSE 5.659e-05 (276s)
  param-Robust PIN seed1 ep24: val rel-MSE 8.259e-04 (26s)
  param-Robust PIN seed1 ep48: val rel-MSE 3.545e-04 (52s)
  param-Robust PIN seed1 ep72: val rel-MSE 1.685e-04 (81s)
  param-Robust PIN seed1 ep96: val rel-MSE 1.288e-04 (115s)
  param-Robust PIN seed1 ep120: val rel-MSE 1.179e-04 (143s)
  param-Robust PIN seed2 ep24: val rel-MSE 1.063e-03 (28s)
  param-Robust PIN seed2 ep48: val rel-MSE 2.638e-04 (59s)
  param-Robust PIN seed2 ep72: val rel-MSE 1.369e-04 (93s)
  param-Robust PIN seed2 ep96: val rel-MSE 9.527e-05 (127s)
  param-Robust PIN seed2 ep120: val rel-MSE 8.473e-05 (158s)
  param-Robust PIN seed3 ep24: val rel-MSE 5.927e-04 (34s)
  param-Robust PIN seed3 ep48: val rel-MSE 4.547e-04 (61s)
  param-Robust PIN seed3 ep72: val rel-MSE 3.178e-04 (83s)
  param-Robust PIN seed3 ep96: val rel-MSE 1.069e-04 (107s)
  param-Robust PIN seed3 ep120: val rel-MSE 9.854e-05 (130s)
  param-Robust PIN seed4 ep24: val rel-MSE 8.053e-04 (22s)
  param-Robust PIN seed4 ep48: val rel-MSE 3.395e-04 (48s)
  param-Robust PIN seed4 ep72: val rel-MSE 2.010e-04 (76s)
  param-Robust PIN seed4 ep96: val rel-MSE 1.321e-04 (103s)
  param-Robust PIN seed4 ep120: val rel-MSE 1.223e-04 (127s)
parametric Robust PINN {"in_distribution": {"Fx": {"RMSE": 0.595466136932373, "MAE": 0.18015192449092865, "rel_L2": 0.018268171697854996, "max_abs": 26.716293334960938}, "Fz": {"RMSE": 0.9206394553184509, "MAE": 0.24414680898189545, "rel_L2": 0.006546670570969582, "max_abs": 47.92584228515625}, "My": {"RMSE": 0.07051394879817963, "MAE": 0.02283073030412197, "rel_L2": 0.007808620110154152, "max_abs": 2.9033279418945312}}, "out_of_distribution": {"Fx": {"RMSE": 9.774118423461914, "MAE": 6.76738977432251, "rel_L2": 0.3728313446044922, "max_abs": 54.18321990966797}, "Fz": {"RMSE": 54.48106384277344, "MAE": 37.88239669799805, "rel_L2": 0.6766070127487183, "max_abs": 209.51461791992188}, "My": {"RMSE": 2.6925556659698486, "MAE": 1.823006510734558, "rel_L2": 0.4314045310020447, "max_abs": 13.914334297180176}}}
