  param-Data-only  seed0 ep24: val rel-MSE 5.716e-01 (82s)
  param-Data-only  seed0 ep48: val rel-MSE 1.597e+00 (269s)
  param-Data-only  seed0 ep72: val rel-MSE 3.707e+00 (434s)
  param-Data-only  seed0 ep96: val rel-MSE 6.548e+00 (598s)
  param-Data-only  seed0 ep120: val rel-MSE 7.670e+00 (783s)
  param-Data-only  seed1 ep24: val rel-MSE 6.597e-01 (208s)
  param-Data-only  seed1 ep48: val rel-MSE 1.780e+00 (424s)
  param-Data-only  seed1 ep72: val rel-MSE 4.651e+00 (654s)
  param-Data-only  seed1 ep96: val rel-MSE 8.053e+00 (834s)
  param-Data-only  seed1 ep120: val rel-MSE 9.449e+00 (1197s)
  param-Data-only  seed2 ep24: val rel-MSE 6.093e-01 (322s)
  param-Data-only  seed2 ep48: val rel-MSE 1.698e+00 (621s)
  param-Data-only  seed2 ep72: val rel-MSE 3.974e+00 (904s)
  param-Data-only  seed2 ep96: val rel-MSE 6.916e+00 (1121s)
  param-Data-only  seed2 ep120: val rel-MSE 8.165e+00 (1402s)
  param-Data-only  seed3 ep24: val rel-MSE 6.006e-01 (374s)
  param-Data-only  seed3 ep48: val rel-MSE 1.524e+00 (686s)
  param-Data-only  seed3 ep72: val rel-MSE 3.165e+00 (897s)
  param-Data-only  seed3 ep96: val rel-MSE 5.609e+00 (1070s)
  param-Data-only  seed3 ep120: val rel-MSE 6.619e+00 (1241s)
  param-Data-only  seed4 ep24: val rel-MSE 6.124e-01 (288s)
  param-Data-only  seed4 ep48: val rel-MSE 1.644e+00 (630s)
  param-Data-only  seed4 ep72: val rel-MSE 3.635e+00 (1008s)
  param-Data-only  seed4 ep96: val rel-MSE 6.336e+00 (1451s)
  param-Data-only  seed4 ep120: val rel-MSE 7.462e+00 (1930s)
parametric Data-only MLP (linear outputs) {"in_distribution": {"Fx": {"RMSE": 31.17754364013672, "MAE": 20.081430435180664, "rel_L2": 0.956488847732544, "max_abs": 236.72744750976562}, "Fz": {"RMSE": 136.96990966796875, "MAE": 95.06898498535156, "rel_L2": 0.9739935398101807, "max_abs": 665.8766479492188}, "My": {"RMSE": 8.730956077575684, "MAE": 5.789914608001709, "rel_L2": 0.9668543934822083, "max_abs": 53.31967544555664}}, "out_of_distribution": {"Fx": {"RMSE": 24.581039428710938, "MAE": 17.68484878540039, "rel_L2": 0.9376375675201416, "max_abs": 90.25491333007812}, "Fz": {"RMSE": 76.58230590820312, "MAE": 57.1187744140625, "rel_L2": 0.9510850310325623, "max_abs": 232.0979461669922}, "My": {"RMSE": 5.91278076171875, "MAE": 4.295464992523193, "rel_L2": 0.947352945804596, "max_abs": 20.451330184936523}}}
  param-Data-only  seed0 ep24: val rel-MSE 1.307e+01 (9479s)
  param-Data-only  seed0 ep48: val rel-MSE 3.722e+01 (12941s)
  param-Data-only  seed0 ep72: val rel-MSE 6.177e+01 (13441s)
  param-Data-only  seed0 ep96: val rel-MSE 8.463e+01 (13839s)
  param-Data-only  seed0 ep120: val rel-MSE 9.469e+01 (32992s)
  param-Data-only  seed1 ep24: val rel-MSE 1.731e+01 (298s)
  param-Data-only  seed1 ep48: val rel-MSE 9.827e+01 (572s)
  param-Data-only  seed1 ep72: val rel-MSE 1.237e+02 (835s)
  param-Data-only  seed1 ep96: val rel-MSE 1.606e+02 (1076s)
  param-Data-only  seed1 ep120: val rel-MSE 1.760e+02 (1260s)
  param-Data-only  seed2 ep24: val rel-MSE 1.918e+01 (203s)
  param-Data-only  seed2 ep48: val rel-MSE 6.467e+01 (436s)
  param-Data-only  seed2 ep72: val rel-MSE 1.058e+02 (709s)
  param-Data-only  seed2 ep96: val rel-MSE 1.700e+02 (974s)
  param-Data-only  seed2 ep120: val rel-MSE 1.881e+02 (1235s)
  param-Data-only  seed3 ep24: val rel-MSE 1.499e+01 (254s)
  param-Data-only  seed3 ep48: val rel-MSE 8.491e+01 (507s)
  param-Data-only  seed3 ep72: val rel-MSE 1.297e+02 (750s)
  param-Data-only  seed3 ep96: val rel-MSE 1.837e+02 (995s)
  param-Data-only  seed3 ep120: val rel-MSE 2.053e+02 (1243s)
  param-Data-only  seed4 ep24: val rel-MSE 9.746e+00 (1161s)
  param-Data-only  seed4 ep48: val rel-MSE 5.503e+01 (6308s)
  param-Data-only  seed4 ep72: val rel-MSE 1.038e+02 (9483s)
  param-Data-only  seed4 ep96: val rel-MSE 1.020e+02 (9704s)
  param-Data-only  seed4 ep120: val rel-MSE 1.046e+02 (13095s)
parametric Data-only MLP (physically scaled outputs) {"in_distribution": {"Fx": {"RMSE": 31.253847122192383, "MAE": 20.16546630859375, "rel_L2": 0.9588297009468079, "max_abs": 236.2215118408203}, "Fz": {"RMSE": 137.33407592773438, "MAE": 95.54350280761719, "rel_L2": 0.9765832424163818, "max_abs": 666.8887939453125}, "My": {"RMSE": 8.792409896850586, "MAE": 5.863325119018555, "rel_L2": 0.9736596345901489, "max_abs": 53.442317962646484}}, "out_of_distribution": {"Fx": {"RMSE": 24.67711067199707, "MAE": 17.781307220458984, "rel_L2": 0.9413021802902222, "max_abs": 91.58856201171875}, "Fz": {"RMSE": 76.98239135742188, "MAE": 57.544002532958984, "rel_L2": 0.9560537934303284, "max_abs": 233.56399536132812}, "My": {"RMSE": 5.980823516845703, "MAE": 4.3643879890441895, "rel_L2": 0.9582549333572388, "max_abs": 20.461078643798828}}}
  param-Robust PIN seed0 ep24: val rel-MSE 3.774e-01 (11673s)
  param-Robust PIN seed0 ep48: val rel-MSE 3.379e-01 (21754s)
  param-Robust PIN seed0 ep72: val rel-MSE 6.032e-01 (21997s)
  param-Robust PIN seed0 ep96: val rel-MSE 1.380e+00 (22338s)
  param-Robust PIN seed0 ep120: val rel-MSE 1.670e+00 (22781s)
  param-Robust PIN seed1 ep24: val rel-MSE 3.398e-01 (424s)
  param-Robust PIN seed1 ep48: val rel-MSE 3.369e-01 (824s)
  param-Robust PIN seed1 ep72: val rel-MSE 9.328e-01 (1311s)
  param-Robust PIN seed1 ep96: val rel-MSE 2.669e+00 (1829s)
  param-Robust PIN seed1 ep120: val rel-MSE 3.195e+00 (2312s)
  param-Robust PIN seed2 ep24: val rel-MSE 3.504e-01 (420s)
  param-Robust PIN seed2 ep48: val rel-MSE 3.361e-01 (830s)
  param-Robust PIN seed2 ep72: val rel-MSE 7.029e-01 (1282s)
  param-Robust PIN seed2 ep96: val rel-MSE 2.275e+00 (1833s)
  param-Robust PIN seed2 ep120: val rel-MSE 2.665e+00 (2391s)
  param-Robust PIN seed3 ep24: val rel-MSE 3.362e-01 (546s)
  param-Robust PIN seed3 ep48: val rel-MSE 3.442e-01 (1091s)
  param-Robust PIN seed3 ep72: val rel-MSE 1.290e+00 (1646s)
  param-Robust PIN seed3 ep96: val rel-MSE 2.615e+00 (2199s)
  param-Robust PIN seed3 ep120: val rel-MSE 2.852e+00 (2611s)
  param-Robust PIN seed4 ep24: val rel-MSE 3.826e-01 (213s)
  param-Robust PIN seed4 ep48: val rel-MSE 3.350e-01 (6250s)
  param-Robust PIN seed4 ep72: val rel-MSE 5.679e-01 (9328s)
  param-Robust PIN seed4 ep96: val rel-MSE 1.931e+00 (9702s)
  param-Robust PIN seed4 ep120: val rel-MSE 2.357e+00 (10289s)
parametric Robust PINN {"in_distribution": {"Fx": {"RMSE": 27.481992721557617, "MAE": 16.723630905151367, "rel_L2": 0.8431138396263123, "max_abs": 225.42449951171875}, "Fz": {"RMSE": 137.78578186035156, "MAE": 96.11685943603516, "rel_L2": 0.9797951579093933, "max_abs": 666.9151611328125}, "My": {"RMSE": 8.26786994934082, "MAE": 5.333367824554443, "rel_L2": 0.9155727028846741, "max_abs": 53.338600158691406}}, "out_of_distribution": {"Fx": {"RMSE": 14.082387924194336, "MAE": 10.598675727844238, "rel_L2": 0.5371691584587097, "max_abs": 65.0887680053711}, "Fz": {"RMSE": 77.46771240234375, "MAE": 58.064701080322266, "rel_L2": 0.9620810151100159, "max_abs": 234.90475463867188}, "My": {"RMSE": 4.255186080932617, "MAE": 2.8822269439697266, "rel_L2": 0.6817710995674133, "max_abs": 17.27920913696289}}}
